<html>
<body>
<pre>
<h1>µVision Build Log</h1>
<h2>Project:</h2>
C:\Users\FES\Desktop\system_developed_by_alex\DSP Project liuxiaoxuan 20160801_both_01mA\Demo\Project\Demo.uvproj
Project File Date:  08/01/2016

<h2>Output:</h2>
Build target 'Signal Aquiring'
compiling lcd.c...
compiling app_usart.c...
compiling Main.c...
..\Src\Main.c(285): warning:  #174-D: expression has no effect
..\Src\Main.c(319): warning:  #187-D: use of "=" where "==" may have been intended
..\Src\Main.c(319): warning:  #187-D: use of "=" where "==" may have been intended
..\Src\Main.c(319): warning:  #187-D: use of "=" where "==" may have been intended
..\Src\Main.c(319): warning:  #187-D: use of "=" where "==" may have been intended
..\Src\Main.c(319): warning:  #187-D: use of "=" where "==" may have been intended
..\Src\Main.c(325): warning:  #223-D: function "AD_Delay" declared implicitly
..\Src\Main.c(70): warning:  #177-D: variable "module_train" was declared but never referenced
compiling stm32f10x_it.c...
compiling stim_process.c...
linking...
Program Size: Code=17510 RO-data=4934 RW-data=9660 ZI-data=1036  
FromELF: creating hex file...
".\Demo.axf" - 0 Errors, 8 Warning(s).
Rebuild target 'Signal Aquiring'
assembling stm32f10x_vector.s...
compiling lcd.c...
compiling spi_flash.c...
compiling stm32f10x_bkp.c...
compiling stm32f10x_can.c...
compiling stm32f10x_flash.c...
compiling stm32f10x_fsmc.c...
compiling stm32f10x_gpio.c...
compiling stm32f10x_lib.c...
compiling stm32f10x_nvic.c...
compiling stm32f10x_rcc.c...
compiling stm32f10x_spi.c...
compiling stm32f10x_systick.c...
compiling stm32f10x_usart.c...
assembling cortexm3_macro.s...
compiling app_usart.c...
compiling Main.c...
..\Src\Main.c(285): warning:  #174-D: expression has no effect
..\Src\Main.c(319): warning:  #187-D: use of "=" where "==" may have been intended
..\Src\Main.c(319): warning:  #187-D: use of "=" where "==" may have been intended
..\Src\Main.c(319): warning:  #187-D: use of "=" where "==" may have been intended
..\Src\Main.c(319): warning:  #187-D: use of "=" where "==" may have been intended
..\Src\Main.c(319): warning:  #187-D: use of "=" where "==" may have been intended
..\Src\Main.c(325): warning:  #223-D: function "AD_Delay" declared implicitly
..\Src\Main.c(70): warning:  #177-D: variable "module_train" was declared but never referenced
compiling stm32f10x_it.c...
compiling ads1256.c...
compiling stim_process.c...
linking...
Program Size: Code=17510 RO-data=4934 RW-data=9660 ZI-data=1036  
FromELF: creating hex file...
".\Demo.axf" - 0 Errors, 8 Warning(s).
Rebuild target 'Signal Aquiring'
assembling stm32f10x_vector.s...
compiling lcd.c...
compiling spi_flash.c...
compiling stm32f10x_bkp.c...
compiling stm32f10x_can.c...
compiling stm32f10x_flash.c...
compiling stm32f10x_fsmc.c...
compiling stm32f10x_gpio.c...
compiling stm32f10x_lib.c...
compiling stm32f10x_nvic.c...
compiling stm32f10x_rcc.c...
compiling stm32f10x_spi.c...
compiling stm32f10x_systick.c...
compiling stm32f10x_usart.c...
assembling cortexm3_macro.s...
compiling app_usart.c...
compiling Main.c...
..\Src\Main.c(285): warning:  #174-D: expression has no effect
..\Src\Main.c(319): warning:  #187-D: use of "=" where "==" may have been intended
..\Src\Main.c(319): warning:  #187-D: use of "=" where "==" may have been intended
..\Src\Main.c(319): warning:  #187-D: use of "=" where "==" may have been intended
..\Src\Main.c(319): warning:  #187-D: use of "=" where "==" may have been intended
..\Src\Main.c(319): warning:  #187-D: use of "=" where "==" may have been intended
..\Src\Main.c(325): warning:  #223-D: function "AD_Delay" declared implicitly
..\Src\Main.c(70): warning:  #177-D: variable "module_train" was declared but never referenced
compiling stm32f10x_it.c...
compiling ads1256.c...
compiling stim_process.c...
linking...
Program Size: Code=17510 RO-data=4934 RW-data=9660 ZI-data=1036  
FromELF: creating hex file...
".\Demo.axf" - 0 Errors, 8 Warning(s).
Load "C:\\Users\\FES\\Desktop\\system_developed_by_alex\\DSP Project liuxiaoxuan 20160801_both_01mA\\Demo\\Project\\Demo.axf" 
Set JLink Project File to "C:\Users\FES\Desktop\system_developed_by_alex\DSP Project liuxiaoxuan 20160801_both_01mA\Demo\Project\JLinkSettings.ini"
* JLink Info: Device "STM32F103ZE" selected (512 KB flash, 64 KB RAM).
 
JLink info:
------------
DLL: V4.74b, compiled Aug 19 2013 23:26:44
Firmware: J-Link V9 compiled Sep 18 2015 19:53:12
Hardware: V9.20
S/N : 59820251 
Feature(s) : RDI, FlashBP, FlashDL, JFlash, GDB 
 
* JLink Info: TotalIRLen = 9, IRPrint = 0x0011
* JLink Info: TotalIRLen = 9, IRPrint = 0x0011
* JLink Info: Found Cortex-M3 r1p1, Little endian.
* JLink Info: TPIU fitted.
* JLink Info: ETM fitted.
* JLink Info: FPUnit: 6 code (BP) slots and 2 literal slots
ROMTableAddr = 0xE00FF003
* JLink Info: Found Cortex-M3 r1p1, Little endian.
* JLink Info: TPIU fitted.
* JLink Info: ETM fitted.
* JLink Info: FPUnit: 6 code (BP) slots and 2 literal slots
 
Target info:
------------
Device: STM32F103ZE
VTarget = 3.258V
State of Pins: 
TCK: 1, TDI: 0, TDO: 1, TMS: 0, TRES: 1, TRST: 1
Hardware-Breakpoints: 6
Software-Breakpoints: 8192
Watchpoints:          4
JTAG speed: 2000 kHz
 
Full Chip Erase Done.
Programming Done.
Verify OK.
Rebuild target 'Signal Aquiring'
assembling stm32f10x_vector.s...
compiling lcd.c...
compiling spi_flash.c...
compiling stm32f10x_bkp.c...
compiling stm32f10x_can.c...
compiling stm32f10x_flash.c...
compiling stm32f10x_fsmc.c...
compiling stm32f10x_gpio.c...
compiling stm32f10x_lib.c...
compiling stm32f10x_nvic.c...
compiling stm32f10x_rcc.c...
compiling stm32f10x_spi.c...
compiling stm32f10x_systick.c...
compiling stm32f10x_usart.c...
assembling cortexm3_macro.s...
compiling app_usart.c...
compiling Main.c...
..\Src\Main.c(319): warning:  #187-D: use of "=" where "==" may have been intended
..\Src\Main.c(319): warning:  #187-D: use of "=" where "==" may have been intended
..\Src\Main.c(319): warning:  #187-D: use of "=" where "==" may have been intended
..\Src\Main.c(319): warning:  #187-D: use of "=" where "==" may have been intended
..\Src\Main.c(319): warning:  #187-D: use of "=" where "==" may have been intended
..\Src\Main.c(325): warning:  #223-D: function "AD_Delay" declared implicitly
..\Src\Main.c(70): warning:  #177-D: variable "module_train" was declared but never referenced
compiling stm32f10x_it.c...
compiling ads1256.c...
compiling stim_process.c...
linking...
Program Size: Code=17510 RO-data=4934 RW-data=9660 ZI-data=1036  
FromELF: creating hex file...
".\Demo.axf" - 0 Errors, 7 Warning(s).
Load "C:\\Users\\FES\\Desktop\\system_developed_by_alex\\DSP Project liuxiaoxuan 20160801_both_01mA\\Demo\\Project\\Demo.axf" 
Set JLink Project File to "C:\Users\FES\Desktop\system_developed_by_alex\DSP Project liuxiaoxuan 20160801_both_01mA\Demo\Project\JLinkSettings.ini"
* JLink Info: Device "STM32F103ZE" selected (512 KB flash, 64 KB RAM).
 
JLink info:
------------
DLL: V4.74b, compiled Aug 19 2013 23:26:44
Firmware: J-Link V9 compiled Sep 18 2015 19:53:12
Hardware: V9.20
S/N : 59820251 
Feature(s) : RDI, FlashBP, FlashDL, JFlash, GDB 
 
* JLink Info: TotalIRLen = 9, IRPrint = 0x0011
* JLink Info: TotalIRLen = 9, IRPrint = 0x0011
* JLink Info: Found Cortex-M3 r1p1, Little endian.
* JLink Info: TPIU fitted.
* JLink Info: ETM fitted.
* JLink Info: FPUnit: 6 code (BP) slots and 2 literal slots
ROMTableAddr = 0xE00FF003
* JLink Info: Found Cortex-M3 r1p1, Little endian.
* JLink Info: TPIU fitted.
* JLink Info: ETM fitted.
* JLink Info: FPUnit: 6 code (BP) slots and 2 literal slots
 
Target info:
------------
Device: STM32F103ZE
VTarget = 3.259V
State of Pins: 
TCK: 1, TDI: 0, TDO: 1, TMS: 0, TRES: 1, TRST: 1
Hardware-Breakpoints: 6
Software-Breakpoints: 8192
Watchpoints:          4
JTAG speed: 2000 kHz
 
Full Chip Erase Done.
Programming Done.
Verify OK.
Load "C:\\Users\\FES\\Desktop\\system_developed_by_alex\\DSP Project liuxiaoxuan 20160801_both_01mA\\Demo\\Project\\Demo.axf" 
Set JLink Project File to "C:\Users\FES\Desktop\system_developed_by_alex\DSP Project liuxiaoxuan 20160801_both_01mA\Demo\Project\JLinkSettings.ini"
* JLink Info: Device "STM32F103ZE" selected (512 KB flash, 64 KB RAM).
 
JLink info:
------------
DLL: V4.74b, compiled Aug 19 2013 23:26:44
Firmware: J-Link V9 compiled Sep 18 2015 19:53:12
Hardware: V9.20
S/N : 59820251 
Feature(s) : RDI, FlashBP, FlashDL, JFlash, GDB 
 
* JLink Info: TotalIRLen = 9, IRPrint = 0x0011
* JLink Info: TotalIRLen = 9, IRPrint = 0x0011
* JLink Info: Found Cortex-M3 r1p1, Little endian.
* JLink Info: TPIU fitted.
* JLink Info: ETM fitted.
* JLink Info: FPUnit: 6 code (BP) slots and 2 literal slots
ROMTableAddr = 0xE00FF003
* JLink Info: Found Cortex-M3 r1p1, Little endian.
* JLink Info: TPIU fitted.
* JLink Info: ETM fitted.
* JLink Info: FPUnit: 6 code (BP) slots and 2 literal slots
 
Target info:
------------
Device: STM32F103ZE
VTarget = 3.256V
State of Pins: 
TCK: 1, TDI: 0, TDO: 1, TMS: 0, TRES: 1, TRST: 1
Hardware-Breakpoints: 6
Software-Breakpoints: 8192
Watchpoints:          4
JTAG speed: 2000 kHz
 
Full Chip Erase Done.
Programming Done.
Verify OK.
Build target 'Signal Aquiring'
compiling Main.c...
..\Src\Main.c(319): warning:  #187-D: use of "=" where "==" may have been intended
..\Src\Main.c(319): warning:  #187-D: use of "=" where "==" may have been intended
..\Src\Main.c(319): warning:  #187-D: use of "=" where "==" may have been intended
..\Src\Main.c(319): warning:  #187-D: use of "=" where "==" may have been intended
..\Src\Main.c(319): warning:  #187-D: use of "=" where "==" may have been intended
..\Src\Main.c(325): warning:  #223-D: function "AD_Delay" declared implicitly
..\Src\Main.c(70): warning:  #177-D: variable "module_train" was declared but never referenced
linking...
Program Size: Code=17510 RO-data=4934 RW-data=9660 ZI-data=1036  
FromELF: creating hex file...
".\Demo.axf" - 0 Errors, 7 Warning(s).
Rebuild target 'Signal Aquiring'
assembling stm32f10x_vector.s...
compiling lcd.c...
compiling spi_flash.c...
compiling stm32f10x_bkp.c...
compiling stm32f10x_can.c...
compiling stm32f10x_flash.c...
compiling stm32f10x_fsmc.c...
compiling stm32f10x_gpio.c...
compiling stm32f10x_lib.c...
compiling stm32f10x_nvic.c...
compiling stm32f10x_rcc.c...
compiling stm32f10x_spi.c...
compiling stm32f10x_systick.c...
compiling stm32f10x_usart.c...
assembling cortexm3_macro.s...
compiling app_usart.c...
compiling Main.c...
..\Src\Main.c(319): warning:  #187-D: use of "=" where "==" may have been intended
..\Src\Main.c(319): warning:  #187-D: use of "=" where "==" may have been intended
..\Src\Main.c(319): warning:  #187-D: use of "=" where "==" may have been intended
..\Src\Main.c(319): warning:  #187-D: use of "=" where "==" may have been intended
..\Src\Main.c(319): warning:  #187-D: use of "=" where "==" may have been intended
..\Src\Main.c(325): warning:  #223-D: function "AD_Delay" declared implicitly
..\Src\Main.c(70): warning:  #177-D: variable "module_train" was declared but never referenced
compiling stm32f10x_it.c...
compiling ads1256.c...
compiling stim_process.c...
linking...
Program Size: Code=17510 RO-data=4934 RW-data=9660 ZI-data=1036  
FromELF: creating hex file...
".\Demo.axf" - 0 Errors, 7 Warning(s).
Load "C:\\Users\\FES\\Desktop\\system_developed_by_alex\\DSP Project liuxiaoxuan 20160801_both_01mA\\Demo\\Project\\Demo.axf" 
Set JLink Project File to "C:\Users\FES\Desktop\system_developed_by_alex\DSP Project liuxiaoxuan 20160801_both_01mA\Demo\Project\JLinkSettings.ini"
* JLink Info: Device "STM32F103ZE" selected (512 KB flash, 64 KB RAM).
 
JLink info:
------------
DLL: V4.74b, compiled Aug 19 2013 23:26:44
Firmware: J-Link V9 compiled Sep 18 2015 19:53:12
Hardware: V9.20
S/N : 59820251 
Feature(s) : RDI, FlashBP, FlashDL, JFlash, GDB 
 
* JLink Info: TotalIRLen = 9, IRPrint = 0x0011
* JLink Info: TotalIRLen = 9, IRPrint = 0x0011
* JLink Info: Found Cortex-M3 r1p1, Little endian.
* JLink Info: TPIU fitted.
* JLink Info: ETM fitted.
* JLink Info: FPUnit: 6 code (BP) slots and 2 literal slots
ROMTableAddr = 0xE00FF003
* JLink Info: Found Cortex-M3 r1p1, Little endian.
* JLink Info: TPIU fitted.
* JLink Info: ETM fitted.
* JLink Info: FPUnit: 6 code (BP) slots and 2 literal slots
 
Target info:
------------
Device: STM32F103ZE
VTarget = 3.259V
State of Pins: 
TCK: 1, TDI: 0, TDO: 1, TMS: 0, TRES: 1, TRST: 1
Hardware-Breakpoints: 6
Software-Breakpoints: 8192
Watchpoints:          4
JTAG speed: 2000 kHz
 
Full Chip Erase Done.
Programming Done.
Verify OK.
