ARM Linker, 5.03 [Build 76] [MDK-ARM Standard]

==============================================================================

Section Cross References

    stm32f10x_vector.o(RESET) refers to stm32f10x_vector.o(STACK) for __initial_sp
    stm32f10x_vector.o(RESET) refers to stm32f10x_vector.o(.text) for Reset_Handler
    stm32f10x_vector.o(RESET) refers to stm32f10x_it.o(.text) for NMIException
    stm32f10x_vector.o(.text) refers to entry.o(.ARM.Collect$$$$00000000) for __main
    lcd.o(.text) refers to stm32f10x_fsmc.o(.text) for FSMC_NORSRAMInit
    lcd.o(.text) refers to stm32f10x_rcc.o(.text) for RCC_AHBPeriphClockCmd
    lcd.o(.text) refers to stm32f10x_gpio.o(.text) for GPIO_Init
    lcd.o(.text) refers to main.o(.text) for Delay
    lcd.o(.text) refers to lcd.o(.data) for TextColor
    lcd.o(.text) refers to lcd.o(.constdata) for ASCII_Table
    lcd.o(.text) refers to spi_flash.o(.text) for SPI_FLASH_BufferRead
    lcd.o(.text) refers to stm32f10x_spi.o(.text) for SPI_Cmd
    lcd.o(.text) refers to cortexm3_macro.o(.text) for __REV_HalfWord
    spi_flash.o(.text) refers to stm32f10x_rcc.o(.text) for RCC_APB2PeriphClockCmd
    spi_flash.o(.text) refers to stm32f10x_gpio.o(.text) for GPIO_Init
    spi_flash.o(.text) refers to stm32f10x_spi.o(.text) for SPI_Init
    stm32f10x_bkp.o(.text) refers to stm32f10x_rcc.o(.text) for RCC_BackupResetCmd
    stm32f10x_can.o(.text) refers to stm32f10x_rcc.o(.text) for RCC_APB1PeriphResetCmd
    stm32f10x_gpio.o(.text) refers to stm32f10x_rcc.o(.text) for RCC_APB2PeriphResetCmd
    stm32f10x_nvic.o(.text) refers to cortexm3_macro.o(.text) for __SETPRIMASK
    stm32f10x_rcc.o(.text) refers to stm32f10x_rcc.o(.data) for HSEStatus
    stm32f10x_rcc.o(.text) refers to stm32f10x_rcc.o(.constdata) for APBAHBPrescTable
    stm32f10x_spi.o(.text) refers to stm32f10x_rcc.o(.text) for RCC_APB2PeriphResetCmd
    stm32f10x_usart.o(.text) refers to stm32f10x_rcc.o(.text) for RCC_APB2PeriphResetCmd
    app_usart.o(.text) refers to stm32f10x_usart.o(.text) for USART_Init
    app_usart.o(.text) refers to app_usart.o(.data) for txcommand
    app_usart.o(.text) refers to main.o(.bss) for receiveDataFromCom2
    main.o(.text) refers to stm32f10x_systick.o(.text) for SysTick_CounterCmd
    main.o(.text) refers to stm32f10x_gpio.o(.text) for GPIO_PinRemapConfig
    main.o(.text) refers to stm32f10x_nvic.o(.text) for NVIC_SetVectorTable
    main.o(.text) refers to stm32f10x_rcc.o(.text) for RCC_DeInit
    main.o(.text) refers to stm32f10x_flash.o(.text) for FLASH_PrefetchBufferCmd
    main.o(.text) refers to main.o(.data) for TimingDelay
    main.o(.text) refers to memcpya.o(.text) for __aeabi_memcpy4
    main.o(.text) refers to memseta.o(.text) for __aeabi_memclr4
    main.o(.text) refers to app_usart.o(.text) for USART_Configuration
    main.o(.text) refers to ads1256.o(.text) for initads1256
    main.o(.text) refers to lcd.o(.text) for STM3210E_LCD_Init
    main.o(.text) refers to stim_process.o(.text) for stim_search
    main.o(.text) refers to main.o(.constdata) for .constdata
    main.o(.text) refers to main.o(.bss) for receiveDataFromCom3
    stm32f10x_it.o(.text) refers to main.o(.text) for Decrement_TimingDelay
    stm32f10x_it.o(.text) refers to stm32f10x_usart.o(.text) for USART_GetFlagStatus
    stm32f10x_it.o(.text) refers to main.o(.bss) for receiveDataFromCom1
    ads1256.o(.text) refers to stm32f10x_gpio.o(.text) for GPIO_ResetBits
    ads1256.o(.text) refers to ads1256.o(.data) for read_val
    stim_process.o(.text) refers to ffltui.o(.text) for __aeabi_ui2f
    stim_process.o(.text) refers to f2d.o(.text) for __aeabi_f2d
    stim_process.o(.text) refers to dmul.o(.text) for __aeabi_dmul
    stim_process.o(.text) refers to ddiv.o(.text) for __aeabi_ddiv
    stim_process.o(.text) refers to d2f.o(.text) for __aeabi_d2f
    stim_process.o(.text) refers to fmul.o(.text) for __aeabi_fmul
    stim_process.o(.text) refers to dadd.o(.text) for __aeabi_dadd
    stim_process.o(.text) refers to cfrcmple.o(.text) for __aeabi_cfrcmple
    stim_process.o(.text) refers to cfcmple.o(.text) for __aeabi_cfcmple
    stim_process.o(.text) refers to ffixi.o(.text) for __aeabi_f2iz
    stim_process.o(.text) refers to dfixui.o(.text) for __aeabi_d2uiz
    stim_process.o(.text) refers to app_usart.o(.text) for UartConfig_tx
    stim_process.o(.text) refers to main.o(.text) for Delay
    stim_process.o(.text) refers to main.o(.bss) for receiveDataFromCom2
    entry.o(.ARM.Collect$$$$00000000) refers (Special) to entry10a.o(.ARM.Collect$$$$0000000D) for __rt_final_cpp
    entry.o(.ARM.Collect$$$$00000000) refers (Special) to entry11a.o(.ARM.Collect$$$$0000000F) for __rt_final_exit
    entry.o(.ARM.Collect$$$$00000000) refers (Special) to entry7b.o(.ARM.Collect$$$$00000008) for _main_clock
    entry.o(.ARM.Collect$$$$00000000) refers (Special) to entry8b.o(.ARM.Collect$$$$0000000A) for _main_cpp_init
    entry.o(.ARM.Collect$$$$00000000) refers (Special) to entry9a.o(.ARM.Collect$$$$0000000B) for _main_init
    entry.o(.ARM.Collect$$$$00000000) refers (Special) to entry5.o(.ARM.Collect$$$$00000004) for _main_scatterload
    entry.o(.ARM.Collect$$$$00000000) refers (Special) to entry2.o(.ARM.Collect$$$$00000001) for _main_stk
    fmul.o(.text) refers (Special) to iusefp.o(.text) for __I$use$fp
    dadd.o(.text) refers (Special) to iusefp.o(.text) for __I$use$fp
    dadd.o(.text) refers to llshl.o(.text) for __aeabi_llsl
    dadd.o(.text) refers to llsshr.o(.text) for __aeabi_lasr
    dadd.o(.text) refers to depilogue.o(.text) for _double_epilogue
    dmul.o(.text) refers (Special) to iusefp.o(.text) for __I$use$fp
    dmul.o(.text) refers to depilogue.o(.text) for _double_epilogue
    ddiv.o(.text) refers (Special) to iusefp.o(.text) for __I$use$fp
    ddiv.o(.text) refers to depilogue.o(.text) for _double_round
    ffltui.o(.text) refers (Special) to iusefp.o(.text) for __I$use$fp
    ffltui.o(.text) refers to fepilogue.o(.text) for _float_epilogue
    ffixi.o(.text) refers (Special) to iusefp.o(.text) for __I$use$fp
    dfixui.o(.text) refers (Special) to iusefp.o(.text) for __I$use$fp
    dfixui.o(.text) refers to llushr.o(.text) for __aeabi_llsr
    f2d.o(.text) refers (Special) to iusefp.o(.text) for __I$use$fp
    d2f.o(.text) refers (Special) to iusefp.o(.text) for __I$use$fp
    d2f.o(.text) refers to fepilogue.o(.text) for _float_round
    cfcmple.o(.text) refers (Special) to iusefp.o(.text) for __I$use$fp
    cfrcmple.o(.text) refers (Special) to iusefp.o(.text) for __I$use$fp
    entry2.o(.ARM.Collect$$$$00000001) refers to entry2.o(.ARM.Collect$$$$00002712) for __lit__00000000
    entry2.o(.ARM.Collect$$$$00002712) refers to stm32f10x_vector.o(STACK) for __initial_sp
    entry2.o(__vectab_stack_and_reset_area) refers to stm32f10x_vector.o(STACK) for __initial_sp
    entry2.o(__vectab_stack_and_reset_area) refers to entry.o(.ARM.Collect$$$$00000000) for __main
    entry5.o(.ARM.Collect$$$$00000004) refers to init.o(.text) for __scatterload
    entry9a.o(.ARM.Collect$$$$0000000B) refers to main.o(.text) for main
    entry9b.o(.ARM.Collect$$$$0000000C) refers to main.o(.text) for main
    depilogue.o(.text) refers to llshl.o(.text) for __aeabi_llsl
    depilogue.o(.text) refers to llushr.o(.text) for __aeabi_llsr
    init.o(.text) refers to entry5.o(.ARM.Collect$$$$00000004) for __main_after_scatterload


==============================================================================

Removing Unused input sections from the image.

    Removing stm32f10x_vector.o(HEAP), (1024 bytes).
    Removing stm32f10x_bkp.o(.text), (164 bytes).
    Removing stm32f10x_can.o(.text), (2100 bytes).

3 unused section(s) (total 3288 bytes) removed from the image.

==============================================================================

Image Symbol Table

    Local Symbols

    Symbol Name                              Value     Ov Type        Size  Object(Section)

    ../clib/../cmprslib/zerorunl2.c          0x00000000   Number         0  __dczerorl2.o ABSOLUTE
    ../clib/microlib/init/entry.s            0x00000000   Number         0  entry11b.o ABSOLUTE
    ../clib/microlib/init/entry.s            0x00000000   Number         0  entry11a.o ABSOLUTE
    ../clib/microlib/init/entry.s            0x00000000   Number         0  entry10b.o ABSOLUTE
    ../clib/microlib/init/entry.s            0x00000000   Number         0  entry10a.o ABSOLUTE
    ../clib/microlib/init/entry.s            0x00000000   Number         0  entry9b.o ABSOLUTE
    ../clib/microlib/init/entry.s            0x00000000   Number         0  entry9a.o ABSOLUTE
    ../clib/microlib/init/entry.s            0x00000000   Number         0  entry8b.o ABSOLUTE
    ../clib/microlib/init/entry.s            0x00000000   Number         0  entry8a.o ABSOLUTE
    ../clib/microlib/init/entry.s            0x00000000   Number         0  entry7b.o ABSOLUTE
    ../clib/microlib/init/entry.s            0x00000000   Number         0  entry.o ABSOLUTE
    ../clib/microlib/init/entry.s            0x00000000   Number         0  entry7a.o ABSOLUTE
    ../clib/microlib/init/entry.s            0x00000000   Number         0  entry5.o ABSOLUTE
    ../clib/microlib/init/entry.s            0x00000000   Number         0  entry2.o ABSOLUTE
    ../clib/microlib/longlong.c              0x00000000   Number         0  llushr.o ABSOLUTE
    ../clib/microlib/longlong.c              0x00000000   Number         0  llshl.o ABSOLUTE
    ../clib/microlib/longlong.c              0x00000000   Number         0  llsshr.o ABSOLUTE
    ../clib/microlib/string/memcpy.c         0x00000000   Number         0  memcpyb.o ABSOLUTE
    ../clib/microlib/string/memcpy.c         0x00000000   Number         0  memcpya.o ABSOLUTE
    ../clib/microlib/string/memset.c         0x00000000   Number         0  memseta.o ABSOLUTE
    ../clib/microlib/stubs.s                 0x00000000   Number         0  iusefp.o ABSOLUTE
    ../fplib/microlib/d2f.c                  0x00000000   Number         0  d2f.o ABSOLUTE
    ../fplib/microlib/f2d.c                  0x00000000   Number         0  f2d.o ABSOLUTE
    ../fplib/microlib/fpadd.c                0x00000000   Number         0  dadd.o ABSOLUTE
    ../fplib/microlib/fpdiv.c                0x00000000   Number         0  ddiv.o ABSOLUTE
    ../fplib/microlib/fpepilogue.c           0x00000000   Number         0  depilogue.o ABSOLUTE
    ../fplib/microlib/fpepilogue.c           0x00000000   Number         0  fepilogue.o ABSOLUTE
    ../fplib/microlib/fpfix.c                0x00000000   Number         0  dfixui.o ABSOLUTE
    ../fplib/microlib/fpfix.c                0x00000000   Number         0  ffixi.o ABSOLUTE
    ../fplib/microlib/fpflt.c                0x00000000   Number         0  ffltui.o ABSOLUTE
    ../fplib/microlib/fpmul.c                0x00000000   Number         0  fmul.o ABSOLUTE
    ../fplib/microlib/fpmul.c                0x00000000   Number         0  dmul.o ABSOLUTE
    ..\..\common\src\cortexm3_macro.s        0x00000000   Number         0  cortexm3_macro.o ABSOLUTE
    ..\..\common\src\lcd.c                   0x00000000   Number         0  lcd.o ABSOLUTE
    ..\..\common\src\spi_flash.c             0x00000000   Number         0  spi_flash.o ABSOLUTE
    ..\..\common\src\stm32f10x_bkp.c         0x00000000   Number         0  stm32f10x_bkp.o ABSOLUTE
    ..\..\common\src\stm32f10x_can.c         0x00000000   Number         0  stm32f10x_can.o ABSOLUTE
    ..\..\common\src\stm32f10x_flash.c       0x00000000   Number         0  stm32f10x_flash.o ABSOLUTE
    ..\..\common\src\stm32f10x_fsmc.c        0x00000000   Number         0  stm32f10x_fsmc.o ABSOLUTE
    ..\..\common\src\stm32f10x_gpio.c        0x00000000   Number         0  stm32f10x_gpio.o ABSOLUTE
    ..\..\common\src\stm32f10x_lib.c         0x00000000   Number         0  stm32f10x_lib.o ABSOLUTE
    ..\..\common\src\stm32f10x_nvic.c        0x00000000   Number         0  stm32f10x_nvic.o ABSOLUTE
    ..\..\common\src\stm32f10x_rcc.c         0x00000000   Number         0  stm32f10x_rcc.o ABSOLUTE
    ..\..\common\src\stm32f10x_spi.c         0x00000000   Number         0  stm32f10x_spi.o ABSOLUTE
    ..\..\common\src\stm32f10x_systick.c     0x00000000   Number         0  stm32f10x_systick.o ABSOLUTE
    ..\..\common\src\stm32f10x_usart.c       0x00000000   Number         0  stm32f10x_usart.o ABSOLUTE
    ..\..\common\startup\stm32f10x_vector.s  0x00000000   Number         0  stm32f10x_vector.o ABSOLUTE
    ..\Src\Main.c                            0x00000000   Number         0  main.o ABSOLUTE
    ..\Src\ads1256.c                         0x00000000   Number         0  ads1256.o ABSOLUTE
    ..\Src\app_usart.c                       0x00000000   Number         0  app_usart.o ABSOLUTE
    ..\Src\stim_process.c                    0x00000000   Number         0  stim_process.o ABSOLUTE
    ..\Src\stm32f10x_it.c                    0x00000000   Number         0  stm32f10x_it.o ABSOLUTE
    cfcmple.s                                0x00000000   Number         0  cfcmple.o ABSOLUTE
    cfrcmple.s                               0x00000000   Number         0  cfrcmple.o ABSOLUTE
    dc.s                                     0x00000000   Number         0  dc.o ABSOLUTE
    handlers.s                               0x00000000   Number         0  handlers.o ABSOLUTE
    init.s                                   0x00000000   Number         0  init.o ABSOLUTE
    RESET                                    0x08000000   Section      304  stm32f10x_vector.o(RESET)
    .ARM.Collect$$$$00000000                 0x08000130   Section        0  entry.o(.ARM.Collect$$$$00000000)
    .ARM.Collect$$$$00000001                 0x08000130   Section        4  entry2.o(.ARM.Collect$$$$00000001)
    .ARM.Collect$$$$00000004                 0x08000134   Section        4  entry5.o(.ARM.Collect$$$$00000004)
    .ARM.Collect$$$$00000008                 0x08000138   Section        0  entry7b.o(.ARM.Collect$$$$00000008)
    .ARM.Collect$$$$0000000A                 0x08000138   Section        0  entry8b.o(.ARM.Collect$$$$0000000A)
    .ARM.Collect$$$$0000000B                 0x08000138   Section        8  entry9a.o(.ARM.Collect$$$$0000000B)
    .ARM.Collect$$$$0000000D                 0x08000140   Section        0  entry10a.o(.ARM.Collect$$$$0000000D)
    .ARM.Collect$$$$0000000F                 0x08000140   Section        0  entry11a.o(.ARM.Collect$$$$0000000F)
    .ARM.Collect$$$$00002712                 0x08000140   Section        4  entry2.o(.ARM.Collect$$$$00002712)
    __lit__00000000                          0x08000140   Data           4  entry2.o(.ARM.Collect$$$$00002712)
    .text                                    0x08000144   Section        8  stm32f10x_vector.o(.text)
    .text                                    0x0800014c   Section        0  lcd.o(.text)
    .text                                    0x080009c4   Section        0  spi_flash.o(.text)
    .text                                    0x08000da8   Section        0  stm32f10x_flash.o(.text)
    delay                                    0x08000e35   Thumb Code    26  stm32f10x_flash.o(.text)
    .text                                    0x080012d8   Section        0  stm32f10x_fsmc.o(.text)
    .text                                    0x080018f4   Section        0  stm32f10x_gpio.o(.text)
    .text                                    0x08001c1c   Section        0  stm32f10x_nvic.o(.text)
    .text                                    0x08001ffc   Section        0  stm32f10x_rcc.o(.text)
    .text                                    0x080023ac   Section        0  stm32f10x_spi.o(.text)
    .text                                    0x080026e4   Section        0  stm32f10x_systick.o(.text)
    .text                                    0x080027a8   Section        0  stm32f10x_usart.o(.text)
    .text                                    0x08002b18   Section      122  cortexm3_macro.o(.text)
    .text                                    0x08002b94   Section        0  app_usart.o(.text)
    .text                                    0x08003a40   Section        0  main.o(.text)
    .text                                    0x080041fc   Section        0  stm32f10x_it.o(.text)
    .text                                    0x08004494   Section        0  ads1256.o(.text)
    .text                                    0x08004928   Section        0  stim_process.o(.text)
    .text                                    0x08004d48   Section        0  memcpya.o(.text)
    .text                                    0x08004d6c   Section        0  memseta.o(.text)
    .text                                    0x08004d90   Section        0  fmul.o(.text)
    .text                                    0x08004dfc   Section        0  dadd.o(.text)
    .text                                    0x08004f4a   Section        0  dmul.o(.text)
    .text                                    0x0800502e   Section        0  ddiv.o(.text)
    .text                                    0x0800510c   Section        0  ffltui.o(.text)
    .text                                    0x08005116   Section        0  ffixi.o(.text)
    .text                                    0x08005148   Section        0  dfixui.o(.text)
    .text                                    0x0800517a   Section        0  f2d.o(.text)
    .text                                    0x080051a0   Section        0  d2f.o(.text)
    .text                                    0x080051d8   Section       20  cfcmple.o(.text)
    .text                                    0x080051ec   Section       20  cfrcmple.o(.text)
    .text                                    0x08005200   Section        0  llshl.o(.text)
    .text                                    0x0800521e   Section        0  llushr.o(.text)
    .text                                    0x0800523e   Section        0  llsshr.o(.text)
    .text                                    0x08005262   Section        0  iusefp.o(.text)
    .text                                    0x08005262   Section        0  fepilogue.o(.text)
    .text                                    0x080052ce   Section        0  depilogue.o(.text)
    .text                                    0x0800538c   Section       36  init.o(.text)
    .text                                    0x080053b0   Section        0  __dczerorl2.o(.text)
    i.__scatterload_copy                     0x0800540c   Section       14  handlers.o(i.__scatterload_copy)
    i.__scatterload_null                     0x0800541a   Section        2  handlers.o(i.__scatterload_null)
    i.__scatterload_zeroinit                 0x0800541c   Section       14  handlers.o(i.__scatterload_zeroinit)
    .constdata                               0x0800542a   Section     4560  lcd.o(.constdata)
    .constdata                               0x080065fa   Section       20  stm32f10x_rcc.o(.constdata)
    APBAHBPrescTable                         0x080065fa   Data          16  stm32f10x_rcc.o(.constdata)
    ADCPrescTable                            0x0800660a   Data           4  stm32f10x_rcc.o(.constdata)
    .constdata                               0x08006610   Section       20  main.o(.constdata)
    .data                                    0x20000000   Section     9604  lcd.o(.data)
    TextColor                                0x20002580   Data           2  lcd.o(.data)
    BackColor                                0x20002582   Data           2  lcd.o(.data)
    .data                                    0x20002584   Section        5  stm32f10x_rcc.o(.data)
    StartUpCounter                           0x20002584   Data           4  stm32f10x_rcc.o(.data)
    HSEStatus                                0x20002588   Data           1  stm32f10x_rcc.o(.data)
    .data                                    0x2000258a   Section       32  app_usart.o(.data)
    .data                                    0x200025ac   Section       13  main.o(.data)
    TimingDelay                              0x200025ac   Data           4  main.o(.data)
    .data                                    0x200025b9   Section        4  ads1256.o(.data)
    .bss                                     0x200025c0   Section       70  main.o(.bss)
    STACK                                    0x20002608   Section     1024  stm32f10x_vector.o(STACK)

    Global Symbols

    Symbol Name                              Value     Ov Type        Size  Object(Section)

    BuildAttributes$$THM_ISAv4$P$D$K$B$S$PE$A:L22UL41UL21$X:L11$S22US41US21$IEEE1$IW$USESV6$~STKCKD$USESV7$~SHL$OTIME$ROPI$EBA8$MICROLIB$REQ8$PRES8$EABIv2 0x00000000   Number         0  anon$$obj.o ABSOLUTE
    __ARM_use_no_argv                        0x00000000   Number         0  main.o ABSOLUTE
    __cpp_initialize__aeabi_                  - Undefined Weak Reference
    __cxa_finalize                            - Undefined Weak Reference
    _clock_init                               - Undefined Weak Reference
    _microlib_exit                            - Undefined Weak Reference
    __Vectors                                0x08000000   Data           4  stm32f10x_vector.o(RESET)
    __main                                   0x08000131   Thumb Code     0  entry.o(.ARM.Collect$$$$00000000)
    _main_stk                                0x08000131   Thumb Code     0  entry2.o(.ARM.Collect$$$$00000001)
    _main_scatterload                        0x08000135   Thumb Code     0  entry5.o(.ARM.Collect$$$$00000004)
    __main_after_scatterload                 0x08000139   Thumb Code     0  entry5.o(.ARM.Collect$$$$00000004)
    _main_clock                              0x08000139   Thumb Code     0  entry7b.o(.ARM.Collect$$$$00000008)
    _main_cpp_init                           0x08000139   Thumb Code     0  entry8b.o(.ARM.Collect$$$$0000000A)
    _main_init                               0x08000139   Thumb Code     0  entry9a.o(.ARM.Collect$$$$0000000B)
    __rt_final_cpp                           0x08000141   Thumb Code     0  entry10a.o(.ARM.Collect$$$$0000000D)
    __rt_final_exit                          0x08000141   Thumb Code     0  entry11a.o(.ARM.Collect$$$$0000000F)
    Reset_Handler                            0x08000145   Thumb Code     4  stm32f10x_vector.o(.text)
    LCD_WriteReg                             0x0800014d   Thumb Code    10  lcd.o(.text)
    LCD_FSMCConfig                           0x08000157   Thumb Code    88  lcd.o(.text)
    LCD_CtrlLinesConfig                      0x080001af   Thumb Code    96  lcd.o(.text)
    STM3210E_LCD_Init                        0x0800020f   Thumb Code   532  lcd.o(.text)
    LCD_SetTextColor                         0x08000423   Thumb Code    12  lcd.o(.text)
    LCD_SetBackColor                         0x0800042f   Thumb Code    12  lcd.o(.text)
    LCD_SetCursor                            0x0800043b   Thumb Code    24  lcd.o(.text)
    LCD_WriteRAM                             0x08000453   Thumb Code     8  lcd.o(.text)
    LCD_WriteRAM_Prepare                     0x0800045b   Thumb Code    10  lcd.o(.text)
    LCD_DrawChar                             0x08000465   Thumb Code   100  lcd.o(.text)
    LCD_DisplayChar                          0x080004c9   Thumb Code    34  lcd.o(.text)
    LCD_DisplayStringLine                    0x080004eb   Thumb Code    44  lcd.o(.text)
    LCD_ClearLine                            0x08000517   Thumb Code    14  lcd.o(.text)
    LCD_Clear                                0x08000525   Thumb Code    38  lcd.o(.text)
    LCD_DisplayStringLineOnX                 0x0800054b   Thumb Code    64  lcd.o(.text)
    LCD_SetDisplayWindow                     0x0800058b   Thumb Code   140  lcd.o(.text)
    LCD_WindowModeDisable                    0x08000617   Thumb Code    28  lcd.o(.text)
    LCD_DrawLine                             0x08000633   Thumb Code    86  lcd.o(.text)
    LCD_DrawRect                             0x08000689   Thumb Code    66  lcd.o(.text)
    LCD_DrawCircle                           0x080006cb   Thumb Code   252  lcd.o(.text)
    LCD_DrawMonoPict                         0x080007c7   Thumb Code    76  lcd.o(.text)
    LCD_WriteBMP                             0x08000813   Thumb Code    74  lcd.o(.text)
    LCD_DrawBMP                              0x0800085d   Thumb Code   174  lcd.o(.text)
    LCD_ReadReg                              0x0800090b   Thumb Code    12  lcd.o(.text)
    LCD_ReadRAM                              0x08000917   Thumb Code    14  lcd.o(.text)
    LCD_PowerOn                              0x08000925   Thumb Code   118  lcd.o(.text)
    LCD_DisplayOn                            0x0800099b   Thumb Code    14  lcd.o(.text)
    LCD_DisplayOff                           0x080009a9   Thumb Code    12  lcd.o(.text)
    SPI_FLASH_Init                           0x080009c5   Thumb Code   150  spi_flash.o(.text)
    SPI_FLASH_SendByte                       0x08000a5b   Thumb Code    50  spi_flash.o(.text)
    SPI_FLASH_WaitForWriteEnd                0x08000a8d   Thumb Code    44  spi_flash.o(.text)
    SPI_FLASH_WriteEnable                    0x08000ab9   Thumb Code    26  spi_flash.o(.text)
    SPI_FLASH_SectorErase                    0x08000ad3   Thumb Code    58  spi_flash.o(.text)
    SPI_FLASH_BulkErase                      0x08000b0d   Thumb Code    34  spi_flash.o(.text)
    SPI_FLASH_PageWrite                      0x08000b2f   Thumb Code    82  spi_flash.o(.text)
    SPI_FLASH_BufferWrite                    0x08000b81   Thumb Code   290  spi_flash.o(.text)
    SPI_FLASH_BufferRead                     0x08000ca3   Thumb Code    76  spi_flash.o(.text)
    SPI_FLASH_ReadID                         0x08000cef   Thumb Code    74  spi_flash.o(.text)
    SPI_FLASH_StartReadSequence              0x08000d39   Thumb Code    42  spi_flash.o(.text)
    SPI_FLASH_ReadByte                       0x08000d63   Thumb Code    10  spi_flash.o(.text)
    SPI_FLASH_SendHalfWord                   0x08000d6d   Thumb Code    48  spi_flash.o(.text)
    FLASH_SetLatency                         0x08000da9   Thumb Code    22  stm32f10x_flash.o(.text)
    FLASH_HalfCycleAccessCmd                 0x08000dbf   Thumb Code    22  stm32f10x_flash.o(.text)
    FLASH_PrefetchBufferCmd                  0x08000dd5   Thumb Code    22  stm32f10x_flash.o(.text)
    FLASH_Unlock                             0x08000deb   Thumb Code    12  stm32f10x_flash.o(.text)
    FLASH_Lock                               0x08000df7   Thumb Code    14  stm32f10x_flash.o(.text)
    FLASH_GetStatus                          0x08000e05   Thumb Code    48  stm32f10x_flash.o(.text)
    FLASH_WaitForLastOperation               0x08000e4f   Thumb Code    42  stm32f10x_flash.o(.text)
    FLASH_ErasePage                          0x08000e79   Thumb Code    76  stm32f10x_flash.o(.text)
    FLASH_EraseAllPages                      0x08000ec5   Thumb Code    72  stm32f10x_flash.o(.text)
    FLASH_EraseOptionBytes                   0x08000f0d   Thumb Code   142  stm32f10x_flash.o(.text)
    FLASH_ProgramWord                        0x08000f9b   Thumb Code   100  stm32f10x_flash.o(.text)
    FLASH_ProgramHalfWord                    0x08000fff   Thumb Code    64  stm32f10x_flash.o(.text)
    FLASH_ProgramOptionByteData              0x0800103f   Thumb Code    72  stm32f10x_flash.o(.text)
    FLASH_EnableWriteProtection              0x08001087   Thumb Code   182  stm32f10x_flash.o(.text)
    FLASH_ReadOutProtection                  0x0800113d   Thumb Code   174  stm32f10x_flash.o(.text)
    FLASH_UserOptionByteConfig               0x080011eb   Thumb Code    94  stm32f10x_flash.o(.text)
    FLASH_GetUserOptionByte                  0x08001249   Thumb Code     8  stm32f10x_flash.o(.text)
    FLASH_GetWriteProtectionOptionByte       0x08001251   Thumb Code     6  stm32f10x_flash.o(.text)
    FLASH_GetReadOutProtectionStatus         0x08001257   Thumb Code    20  stm32f10x_flash.o(.text)
    FLASH_GetPrefetchBufferStatus            0x0800126b   Thumb Code    20  stm32f10x_flash.o(.text)
    FLASH_ITConfig                           0x0800127f   Thumb Code    26  stm32f10x_flash.o(.text)
    FLASH_GetFlagStatus                      0x08001299   Thumb Code    42  stm32f10x_flash.o(.text)
    FLASH_ClearFlag                          0x080012c3   Thumb Code     6  stm32f10x_flash.o(.text)
    FSMC_NORSRAMDeInit                       0x080012d9   Thumb Code    56  stm32f10x_fsmc.o(.text)
    FSMC_NANDDeInit                          0x08001311   Thumb Code    62  stm32f10x_fsmc.o(.text)
    FSMC_PCCARDDeInit                        0x0800134f   Thumb Code    40  stm32f10x_fsmc.o(.text)
    FSMC_NORSRAMInit                         0x08001377   Thumb Code   220  stm32f10x_fsmc.o(.text)
    FSMC_NANDInit                            0x08001453   Thumb Code   134  stm32f10x_fsmc.o(.text)
    FSMC_PCCARDInit                          0x080014d9   Thumb Code   128  stm32f10x_fsmc.o(.text)
    FSMC_NORSRAMStructInit                   0x08001559   Thumb Code   112  stm32f10x_fsmc.o(.text)
    FSMC_NANDStructInit                      0x080015c9   Thumb Code    56  stm32f10x_fsmc.o(.text)
    FSMC_PCCARDStructInit                    0x08001601   Thumb Code    62  stm32f10x_fsmc.o(.text)
    FSMC_NORSRAMCmd                          0x0800163f   Thumb Code    46  stm32f10x_fsmc.o(.text)
    FSMC_NANDCmd                             0x0800166d   Thumb Code    86  stm32f10x_fsmc.o(.text)
    FSMC_PCCARDCmd                           0x080016c3   Thumb Code    40  stm32f10x_fsmc.o(.text)
    FSMC_NANDECCCmd                          0x080016eb   Thumb Code   116  stm32f10x_fsmc.o(.text)
    FSMC_GetECC                              0x0800175f   Thumb Code    22  stm32f10x_fsmc.o(.text)
    FSMC_ITConfig                            0x08001775   Thumb Code   128  stm32f10x_fsmc.o(.text)
    FSMC_GetFlagStatus                       0x080017f5   Thumb Code    48  stm32f10x_fsmc.o(.text)
    FSMC_ClearFlag                           0x08001825   Thumb Code    62  stm32f10x_fsmc.o(.text)
    FSMC_GetITStatus                         0x08001863   Thumb Code    60  stm32f10x_fsmc.o(.text)
    FSMC_ClearITPendingBit                   0x0800189f   Thumb Code    64  stm32f10x_fsmc.o(.text)
    GPIO_DeInit                              0x080018f5   Thumb Code   188  stm32f10x_gpio.o(.text)
    GPIO_AFIODeInit                          0x080019b1   Thumb Code    20  stm32f10x_gpio.o(.text)
    GPIO_Init                                0x080019c5   Thumb Code   272  stm32f10x_gpio.o(.text)
    GPIO_StructInit                          0x08001ad5   Thumb Code    16  stm32f10x_gpio.o(.text)
    GPIO_ReadInputDataBit                    0x08001ae5   Thumb Code    18  stm32f10x_gpio.o(.text)
    GPIO_ReadInputData                       0x08001af7   Thumb Code     8  stm32f10x_gpio.o(.text)
    GPIO_ReadOutputDataBit                   0x08001aff   Thumb Code    18  stm32f10x_gpio.o(.text)
    GPIO_ReadOutputData                      0x08001b11   Thumb Code     8  stm32f10x_gpio.o(.text)
    GPIO_SetBits                             0x08001b19   Thumb Code     4  stm32f10x_gpio.o(.text)
    GPIO_ResetBits                           0x08001b1d   Thumb Code     4  stm32f10x_gpio.o(.text)
    GPIO_WriteBit                            0x08001b21   Thumb Code    10  stm32f10x_gpio.o(.text)
    GPIO_Write                               0x08001b2b   Thumb Code     4  stm32f10x_gpio.o(.text)
    GPIO_PinLockConfig                       0x08001b2f   Thumb Code    18  stm32f10x_gpio.o(.text)
    GPIO_EventOutputConfig                   0x08001b41   Thumb Code    26  stm32f10x_gpio.o(.text)
    GPIO_EventOutputCmd                      0x08001b5b   Thumb Code     6  stm32f10x_gpio.o(.text)
    GPIO_PinRemapConfig                      0x08001b61   Thumb Code   106  stm32f10x_gpio.o(.text)
    GPIO_EXTILineConfig                      0x08001bcb   Thumb Code    66  stm32f10x_gpio.o(.text)
    NVIC_DeInit                              0x08001c1d   Thumb Code    58  stm32f10x_nvic.o(.text)
    NVIC_SCBDeInit                           0x08001c57   Thumb Code    76  stm32f10x_nvic.o(.text)
    NVIC_PriorityGroupConfig                 0x08001ca3   Thumb Code    12  stm32f10x_nvic.o(.text)
    NVIC_Init                                0x08001caf   Thumb Code   154  stm32f10x_nvic.o(.text)
    NVIC_StructInit                          0x08001d49   Thumb Code    12  stm32f10x_nvic.o(.text)
    NVIC_SETPRIMASK                          0x08001d55   Thumb Code     8  stm32f10x_nvic.o(.text)
    NVIC_RESETPRIMASK                        0x08001d5d   Thumb Code     8  stm32f10x_nvic.o(.text)
    NVIC_SETFAULTMASK                        0x08001d65   Thumb Code     8  stm32f10x_nvic.o(.text)
    NVIC_RESETFAULTMASK                      0x08001d6d   Thumb Code     8  stm32f10x_nvic.o(.text)
    NVIC_BASEPRICONFIG                       0x08001d75   Thumb Code    12  stm32f10x_nvic.o(.text)
    NVIC_GetBASEPRI                          0x08001d81   Thumb Code     8  stm32f10x_nvic.o(.text)
    NVIC_GetCurrentPendingIRQChannel         0x08001d89   Thumb Code    10  stm32f10x_nvic.o(.text)
    NVIC_GetIRQChannelPendingBitStatus       0x08001d93   Thumb Code    42  stm32f10x_nvic.o(.text)
    NVIC_SetIRQChannelPendingBit             0x08001dbd   Thumb Code     6  stm32f10x_nvic.o(.text)
    NVIC_ClearIRQChannelPendingBit           0x08001dc3   Thumb Code    20  stm32f10x_nvic.o(.text)
    NVIC_GetCurrentActiveHandler             0x08001dd7   Thumb Code    10  stm32f10x_nvic.o(.text)
    NVIC_GetIRQChannelActiveBitStatus        0x08001de1   Thumb Code    42  stm32f10x_nvic.o(.text)
    NVIC_GetCPUID                            0x08001e0b   Thumb Code     8  stm32f10x_nvic.o(.text)
    NVIC_SetVectorTable                      0x08001e13   Thumb Code    14  stm32f10x_nvic.o(.text)
    NVIC_GenerateSystemReset                 0x08001e21   Thumb Code    12  stm32f10x_nvic.o(.text)
    NVIC_GenerateCoreReset                   0x08001e2d   Thumb Code    12  stm32f10x_nvic.o(.text)
    NVIC_SystemLPConfig                      0x08001e39   Thumb Code    34  stm32f10x_nvic.o(.text)
    NVIC_SystemHandlerConfig                 0x08001e5b   Thumb Code    48  stm32f10x_nvic.o(.text)
    NVIC_SystemHandlerPriorityConfig         0x08001e8b   Thumb Code   110  stm32f10x_nvic.o(.text)
    NVIC_GetSystemHandlerPendingBitStatus    0x08001ef9   Thumb Code    44  stm32f10x_nvic.o(.text)
    NVIC_SetSystemHandlerPendingBit          0x08001f25   Thumb Code    22  stm32f10x_nvic.o(.text)
    NVIC_ClearSystemHandlerPendingBit        0x08001f3b   Thumb Code    26  stm32f10x_nvic.o(.text)
    NVIC_GetSystemHandlerActiveBitStatus     0x08001f55   Thumb Code    42  stm32f10x_nvic.o(.text)
    NVIC_GetFaultHandlerSources              0x08001f7f   Thumb Code    66  stm32f10x_nvic.o(.text)
    NVIC_GetFaultAddress                     0x08001fc1   Thumb Code    28  stm32f10x_nvic.o(.text)
    RCC_DeInit                               0x08001ffd   Thumb Code    62  stm32f10x_rcc.o(.text)
    RCC_HSEConfig                            0x0800203b   Thumb Code    70  stm32f10x_rcc.o(.text)
    RCC_GetFlagStatus                        0x08002081   Thumb Code    56  stm32f10x_rcc.o(.text)
    RCC_WaitForHSEStartUp                    0x080020b9   Thumb Code    62  stm32f10x_rcc.o(.text)
    RCC_AdjustHSICalibrationValue            0x080020f7   Thumb Code    20  stm32f10x_rcc.o(.text)
    RCC_HSICmd                               0x0800210b   Thumb Code     6  stm32f10x_rcc.o(.text)
    RCC_PLLConfig                            0x08002111   Thumb Code    24  stm32f10x_rcc.o(.text)
    RCC_PLLCmd                               0x08002129   Thumb Code     6  stm32f10x_rcc.o(.text)
    RCC_SYSCLKConfig                         0x0800212f   Thumb Code    18  stm32f10x_rcc.o(.text)
    RCC_GetSYSCLKSource                      0x08002141   Thumb Code    10  stm32f10x_rcc.o(.text)
    RCC_HCLKConfig                           0x0800214b   Thumb Code    18  stm32f10x_rcc.o(.text)
    RCC_PCLK1Config                          0x0800215d   Thumb Code    18  stm32f10x_rcc.o(.text)
    RCC_PCLK2Config                          0x0800216f   Thumb Code    20  stm32f10x_rcc.o(.text)
    RCC_ITConfig                             0x08002183   Thumb Code    26  stm32f10x_rcc.o(.text)
    RCC_USBCLKConfig                         0x0800219d   Thumb Code     6  stm32f10x_rcc.o(.text)
    RCC_ADCCLKConfig                         0x080021a3   Thumb Code    18  stm32f10x_rcc.o(.text)
    RCC_LSEConfig                            0x080021b5   Thumb Code    44  stm32f10x_rcc.o(.text)
    RCC_LSICmd                               0x080021e1   Thumb Code     6  stm32f10x_rcc.o(.text)
    RCC_RTCCLKConfig                         0x080021e7   Thumb Code    12  stm32f10x_rcc.o(.text)
    RCC_RTCCLKCmd                            0x080021f3   Thumb Code     8  stm32f10x_rcc.o(.text)
    RCC_GetClocksFreq                        0x080021fb   Thumb Code   192  stm32f10x_rcc.o(.text)
    RCC_AHBPeriphClockCmd                    0x080022bb   Thumb Code    26  stm32f10x_rcc.o(.text)
    RCC_APB2PeriphClockCmd                   0x080022d5   Thumb Code    26  stm32f10x_rcc.o(.text)
    RCC_APB1PeriphClockCmd                   0x080022ef   Thumb Code    26  stm32f10x_rcc.o(.text)
    RCC_APB2PeriphResetCmd                   0x08002309   Thumb Code    26  stm32f10x_rcc.o(.text)
    RCC_APB1PeriphResetCmd                   0x08002323   Thumb Code    26  stm32f10x_rcc.o(.text)
    RCC_BackupResetCmd                       0x0800233d   Thumb Code     8  stm32f10x_rcc.o(.text)
    RCC_ClockSecuritySystemCmd               0x08002345   Thumb Code     6  stm32f10x_rcc.o(.text)
    RCC_MCOConfig                            0x0800234b   Thumb Code     6  stm32f10x_rcc.o(.text)
    RCC_ClearFlag                            0x08002351   Thumb Code    14  stm32f10x_rcc.o(.text)
    RCC_GetITStatus                          0x0800235f   Thumb Code    20  stm32f10x_rcc.o(.text)
    RCC_ClearITPendingBit                    0x08002373   Thumb Code     6  stm32f10x_rcc.o(.text)
    SPI_I2S_DeInit                           0x080023ad   Thumb Code    88  stm32f10x_spi.o(.text)
    SPI_Init                                 0x08002405   Thumb Code    60  stm32f10x_spi.o(.text)
    I2S_Init                                 0x08002441   Thumb Code   210  stm32f10x_spi.o(.text)
    SPI_StructInit                           0x08002513   Thumb Code    24  stm32f10x_spi.o(.text)
    I2S_StructInit                           0x0800252b   Thumb Code    20  stm32f10x_spi.o(.text)
    SPI_Cmd                                  0x0800253f   Thumb Code    24  stm32f10x_spi.o(.text)
    I2S_Cmd                                  0x08002557   Thumb Code    24  stm32f10x_spi.o(.text)
    SPI_I2S_ITConfig                         0x0800256f   Thumb Code    32  stm32f10x_spi.o(.text)
    SPI_I2S_DMACmd                           0x0800258f   Thumb Code    18  stm32f10x_spi.o(.text)
    SPI_I2S_SendData                         0x080025a1   Thumb Code     4  stm32f10x_spi.o(.text)
    SPI_I2S_ReceiveData                      0x080025a5   Thumb Code     6  stm32f10x_spi.o(.text)
    SPI_NSSInternalSoftwareConfig            0x080025ab   Thumb Code    30  stm32f10x_spi.o(.text)
    SPI_SSOutputCmd                          0x080025c9   Thumb Code    24  stm32f10x_spi.o(.text)
    SPI_DataSizeConfig                       0x080025e1   Thumb Code    18  stm32f10x_spi.o(.text)
    SPI_TransmitCRC                          0x080025f3   Thumb Code    10  stm32f10x_spi.o(.text)
    SPI_CalculateCRC                         0x080025fd   Thumb Code    24  stm32f10x_spi.o(.text)
    SPI_GetCRC                               0x08002615   Thumb Code    16  stm32f10x_spi.o(.text)
    SPI_GetCRCPolynomial                     0x08002625   Thumb Code     6  stm32f10x_spi.o(.text)
    SPI_BiDirectionalLineConfig              0x0800262b   Thumb Code    28  stm32f10x_spi.o(.text)
    SPI_I2S_GetFlagStatus                    0x08002647   Thumb Code    18  stm32f10x_spi.o(.text)
    SPI_I2S_ClearFlag                        0x08002659   Thumb Code    34  stm32f10x_spi.o(.text)
    SPI_I2S_GetITStatus                      0x0800267b   Thumb Code    52  stm32f10x_spi.o(.text)
    SPI_I2S_ClearITPendingBit                0x080026af   Thumb Code    48  stm32f10x_spi.o(.text)
    SysTick_CLKSourceConfig                  0x080026e5   Thumb Code    40  stm32f10x_systick.o(.text)
    SysTick_SetReload                        0x0800270d   Thumb Code     8  stm32f10x_systick.o(.text)
    SysTick_CounterCmd                       0x08002715   Thumb Code    54  stm32f10x_systick.o(.text)
    SysTick_ITConfig                         0x0800274b   Thumb Code    38  stm32f10x_systick.o(.text)
    SysTick_GetCounter                       0x08002771   Thumb Code     8  stm32f10x_systick.o(.text)
    SysTick_GetFlagStatus                    0x08002779   Thumb Code    46  stm32f10x_systick.o(.text)
    USART_DeInit                             0x080027a9   Thumb Code   146  stm32f10x_usart.o(.text)
    USART_Init                               0x0800283b   Thumb Code   150  stm32f10x_usart.o(.text)
    USART_StructInit                         0x080028d1   Thumb Code    24  stm32f10x_usart.o(.text)
    USART_ClockInit                          0x080028e9   Thumb Code    34  stm32f10x_usart.o(.text)
    USART_ClockStructInit                    0x0800290b   Thumb Code    12  stm32f10x_usart.o(.text)
    USART_Cmd                                0x08002917   Thumb Code    24  stm32f10x_usart.o(.text)
    USART_ITConfig                           0x0800292f   Thumb Code    64  stm32f10x_usart.o(.text)
    USART_DMACmd                             0x0800296f   Thumb Code    18  stm32f10x_usart.o(.text)
    USART_SetAddress                         0x08002981   Thumb Code    18  stm32f10x_usart.o(.text)
    USART_WakeUpConfig                       0x08002993   Thumb Code    18  stm32f10x_usart.o(.text)
    USART_ReceiverWakeUpCmd                  0x080029a5   Thumb Code    24  stm32f10x_usart.o(.text)
    USART_LINBreakDetectLengthConfig         0x080029bd   Thumb Code    18  stm32f10x_usart.o(.text)
    USART_LINCmd                             0x080029cf   Thumb Code    24  stm32f10x_usart.o(.text)
    USART_SendData                           0x080029e7   Thumb Code     8  stm32f10x_usart.o(.text)
    USART_ReceiveData                        0x080029ef   Thumb Code    10  stm32f10x_usart.o(.text)
    USART_SendBreak                          0x080029f9   Thumb Code    10  stm32f10x_usart.o(.text)
    USART_SetGuardTime                       0x08002a03   Thumb Code    16  stm32f10x_usart.o(.text)
    USART_SetPrescaler                       0x08002a13   Thumb Code    16  stm32f10x_usart.o(.text)
    USART_SmartCardCmd                       0x08002a23   Thumb Code    24  stm32f10x_usart.o(.text)
    USART_SmartCardNACKCmd                   0x08002a3b   Thumb Code    24  stm32f10x_usart.o(.text)
    USART_HalfDuplexCmd                      0x08002a53   Thumb Code    24  stm32f10x_usart.o(.text)
    USART_IrDAConfig                         0x08002a6b   Thumb Code    18  stm32f10x_usart.o(.text)
    USART_IrDACmd                            0x08002a7d   Thumb Code    24  stm32f10x_usart.o(.text)
    USART_GetFlagStatus                      0x08002a95   Thumb Code    18  stm32f10x_usart.o(.text)
    USART_ClearFlag                          0x08002aa7   Thumb Code     6  stm32f10x_usart.o(.text)
    USART_GetITStatus                        0x08002aad   Thumb Code    76  stm32f10x_usart.o(.text)
    USART_ClearITPendingBit                  0x08002af9   Thumb Code    20  stm32f10x_usart.o(.text)
    __WFI                                    0x08002b19   Thumb Code     0  cortexm3_macro.o(.text)
    __WFE                                    0x08002b1d   Thumb Code     0  cortexm3_macro.o(.text)
    __SEV                                    0x08002b21   Thumb Code     0  cortexm3_macro.o(.text)
    __ISB                                    0x08002b25   Thumb Code     0  cortexm3_macro.o(.text)
    __DSB                                    0x08002b2b   Thumb Code     0  cortexm3_macro.o(.text)
    __DMB                                    0x08002b31   Thumb Code     0  cortexm3_macro.o(.text)
    __SVC                                    0x08002b37   Thumb Code     0  cortexm3_macro.o(.text)
    __MRS_CONTROL                            0x08002b3b   Thumb Code     0  cortexm3_macro.o(.text)
    __MSR_CONTROL                            0x08002b41   Thumb Code     0  cortexm3_macro.o(.text)
    __MRS_PSP                                0x08002b4b   Thumb Code     0  cortexm3_macro.o(.text)
    __MSR_PSP                                0x08002b51   Thumb Code     0  cortexm3_macro.o(.text)
    __MRS_MSP                                0x08002b57   Thumb Code     0  cortexm3_macro.o(.text)
    __MSR_MSP                                0x08002b5d   Thumb Code     0  cortexm3_macro.o(.text)
    __RESETPRIMASK                           0x08002b63   Thumb Code     0  cortexm3_macro.o(.text)
    __SETPRIMASK                             0x08002b67   Thumb Code     0  cortexm3_macro.o(.text)
    __READ_PRIMASK                           0x08002b6b   Thumb Code     0  cortexm3_macro.o(.text)
    __SETFAULTMASK                           0x08002b71   Thumb Code     0  cortexm3_macro.o(.text)
    __RESETFAULTMASK                         0x08002b75   Thumb Code     0  cortexm3_macro.o(.text)
    __READ_FAULTMASK                         0x08002b79   Thumb Code     0  cortexm3_macro.o(.text)
    __BASEPRICONFIG                          0x08002b7f   Thumb Code     0  cortexm3_macro.o(.text)
    __GetBASEPRI                             0x08002b85   Thumb Code     0  cortexm3_macro.o(.text)
    __REV_HalfWord                           0x08002b8b   Thumb Code     0  cortexm3_macro.o(.text)
    __REV_Word                               0x08002b8f   Thumb Code     0  cortexm3_macro.o(.text)
    USART_Configuration                      0x08002b95   Thumb Code   252  app_usart.o(.text)
    USART2_Putc                              0x08002c91   Thumb Code    42  app_usart.o(.text)
    USART2_Puts                              0x08002cbb   Thumb Code    38  app_usart.o(.text)
    USART2_ReceiveC                          0x08002ce1   Thumb Code    30  app_usart.o(.text)
    USART2_ReceiveS                          0x08002cff   Thumb Code    24  app_usart.o(.text)
    USART1_Putc                              0x08002d17   Thumb Code    42  app_usart.o(.text)
    USART1_Puts                              0x08002d41   Thumb Code    38  app_usart.o(.text)
    USART1_ReceiveC                          0x08002d67   Thumb Code    30  app_usart.o(.text)
    USART1_ReceiveS                          0x08002d85   Thumb Code    24  app_usart.o(.text)
    USART3_Putc                              0x08002d9d   Thumb Code    42  app_usart.o(.text)
    USART3_Puts                              0x08002dc7   Thumb Code    38  app_usart.o(.text)
    USART3_ReceiveC                          0x08002ded   Thumb Code    30  app_usart.o(.text)
    USART3_ReceiveS                          0x08002e0b   Thumb Code    24  app_usart.o(.text)
    UART4_Putc                               0x08002e23   Thumb Code    42  app_usart.o(.text)
    UART4_Puts                               0x08002e4d   Thumb Code    38  app_usart.o(.text)
    UART4_ReceiveC                           0x08002e73   Thumb Code    30  app_usart.o(.text)
    UART4_ReceiveS                           0x08002e91   Thumb Code    24  app_usart.o(.text)
    UART5_Putc                               0x08002ea9   Thumb Code    42  app_usart.o(.text)
    UART5_Puts                               0x08002ed3   Thumb Code    38  app_usart.o(.text)
    UART5_ReceiveC                           0x08002ef9   Thumb Code    30  app_usart.o(.text)
    UART5_ReceiveS                           0x08002f17   Thumb Code    24  app_usart.o(.text)
    UartCommand_tx                           0x08002f2f   Thumb Code    36  app_usart.o(.text)
    UartConfig_tx                            0x08002f53   Thumb Code   456  app_usart.o(.text)
    UartConfigNull_tx                        0x0800311b   Thumb Code    80  app_usart.o(.text)
    Uart_confirm_command                     0x0800316b   Thumb Code    24  app_usart.o(.text)
    Uart_confirm_channel                     0x08003183   Thumb Code    24  app_usart.o(.text)
    Uart1Command_tx                          0x0800319b   Thumb Code    36  app_usart.o(.text)
    Uart1Config_tx                           0x080031bf   Thumb Code   426  app_usart.o(.text)
    Uart1ConfigNull_tx                       0x08003369   Thumb Code    80  app_usart.o(.text)
    Uart3Command_tx                          0x080033b9   Thumb Code    56  app_usart.o(.text)
    Uart3Config_tx                           0x080033f1   Thumb Code   426  app_usart.o(.text)
    Uart3ConfigNull_tx                       0x0800359b   Thumb Code    80  app_usart.o(.text)
    Uart4Command_tx                          0x080035eb   Thumb Code    36  app_usart.o(.text)
    Uart4Config_tx                           0x0800360f   Thumb Code   426  app_usart.o(.text)
    Uart4ConfigNull_tx                       0x080037b9   Thumb Code    94  app_usart.o(.text)
    Uart5Command_tx                          0x08003817   Thumb Code    36  app_usart.o(.text)
    Uart5Config_tx                           0x0800383b   Thumb Code   426  app_usart.o(.text)
    Uart5ConfigNull_tx                       0x080039e5   Thumb Code    80  app_usart.o(.text)
    Delay                                    0x08003a41   Thumb Code    38  main.o(.text)
    SysTick_Config                           0x08003a67   Thumb Code    22  main.o(.text)
    GPIO_Configuration                       0x08003a7d   Thumb Code   628  main.o(.text)
    NVIC_Configuration                       0x08003cf1   Thumb Code   166  main.o(.text)
    RCC_Configuration                        0x08003d97   Thumb Code   194  main.o(.text)
    main                                     0x08003e59   Thumb Code   550  main.o(.text)
    Decrement_TimingDelay                    0x0800407f   Thumb Code    18  main.o(.text)
    displayDigital                           0x08004091   Thumb Code    82  main.o(.text)
    NMIException                             0x080041fd   Thumb Code     2  stm32f10x_it.o(.text)
    NMI_Handler                              0x080041fd   Thumb Code     0  stm32f10x_it.o(.text)
    HardFaultException                       0x080041ff   Thumb Code     4  stm32f10x_it.o(.text)
    HardFault_Handler                        0x080041ff   Thumb Code     0  stm32f10x_it.o(.text)
    MemManageException                       0x08004203   Thumb Code     4  stm32f10x_it.o(.text)
    MemManage_Handler                        0x08004203   Thumb Code     0  stm32f10x_it.o(.text)
    BusFaultException                        0x08004207   Thumb Code     4  stm32f10x_it.o(.text)
    BusFault_Handler                         0x08004207   Thumb Code     0  stm32f10x_it.o(.text)
    UsageFaultException                      0x0800420b   Thumb Code     4  stm32f10x_it.o(.text)
    UsageFault_Handler                       0x0800420b   Thumb Code     0  stm32f10x_it.o(.text)
    DebugMon_Handler                         0x0800420f   Thumb Code     0  stm32f10x_it.o(.text)
    DebugMonitor                             0x0800420f   Thumb Code     2  stm32f10x_it.o(.text)
    SVCHandler                               0x08004211   Thumb Code     2  stm32f10x_it.o(.text)
    SVC_Handler                              0x08004211   Thumb Code     0  stm32f10x_it.o(.text)
    PendSVC                                  0x08004213   Thumb Code     2  stm32f10x_it.o(.text)
    PendSV_Handler                           0x08004213   Thumb Code     0  stm32f10x_it.o(.text)
    SysTickHandler                           0x08004215   Thumb Code     8  stm32f10x_it.o(.text)
    SysTick_Handler                          0x08004215   Thumb Code     0  stm32f10x_it.o(.text)
    WWDG_IRQHandler                          0x0800421d   Thumb Code     2  stm32f10x_it.o(.text)
    PVD_IRQHandler                           0x0800421f   Thumb Code     2  stm32f10x_it.o(.text)
    TAMPER_IRQHandler                        0x08004221   Thumb Code     2  stm32f10x_it.o(.text)
    RTC_IRQHandler                           0x08004223   Thumb Code     2  stm32f10x_it.o(.text)
    FLASH_IRQHandler                         0x08004225   Thumb Code     2  stm32f10x_it.o(.text)
    RCC_IRQHandler                           0x08004227   Thumb Code     2  stm32f10x_it.o(.text)
    EXTI0_IRQHandler                         0x08004229   Thumb Code     2  stm32f10x_it.o(.text)
    EXTI1_IRQHandler                         0x0800422b   Thumb Code     2  stm32f10x_it.o(.text)
    EXTI2_IRQHandler                         0x0800422d   Thumb Code     2  stm32f10x_it.o(.text)
    EXTI3_IRQHandler                         0x0800422f   Thumb Code     2  stm32f10x_it.o(.text)
    EXTI4_IRQHandler                         0x08004231   Thumb Code     2  stm32f10x_it.o(.text)
    DMA1_Channel1_IRQHandler                 0x08004233   Thumb Code     2  stm32f10x_it.o(.text)
    DMA1_Channel2_IRQHandler                 0x08004235   Thumb Code     2  stm32f10x_it.o(.text)
    DMA1_Channel3_IRQHandler                 0x08004237   Thumb Code     2  stm32f10x_it.o(.text)
    DMA1_Channel4_IRQHandler                 0x08004239   Thumb Code     2  stm32f10x_it.o(.text)
    DMA1_Channel5_IRQHandler                 0x0800423b   Thumb Code     2  stm32f10x_it.o(.text)
    DMA1_Channel6_IRQHandler                 0x0800423d   Thumb Code     2  stm32f10x_it.o(.text)
    DMA1_Channel7_IRQHandler                 0x0800423f   Thumb Code     2  stm32f10x_it.o(.text)
    ADC1_2_IRQHandler                        0x08004241   Thumb Code     2  stm32f10x_it.o(.text)
    USB_HP_CAN_TX_IRQHandler                 0x08004243   Thumb Code     2  stm32f10x_it.o(.text)
    USB_LP_CAN_RX0_IRQHandler                0x08004245   Thumb Code     2  stm32f10x_it.o(.text)
    CAN_RX1_IRQHandler                       0x08004247   Thumb Code     2  stm32f10x_it.o(.text)
    CAN_SCE_IRQHandler                       0x08004249   Thumb Code     2  stm32f10x_it.o(.text)
    EXTI9_5_IRQHandler                       0x0800424b   Thumb Code     2  stm32f10x_it.o(.text)
    TIM1_BRK_IRQHandler                      0x0800424d   Thumb Code     2  stm32f10x_it.o(.text)
    TIM1_UP_IRQHandler                       0x0800424f   Thumb Code     2  stm32f10x_it.o(.text)
    TIM1_TRG_COM_IRQHandler                  0x08004251   Thumb Code     2  stm32f10x_it.o(.text)
    TIM1_CC_IRQHandler                       0x08004253   Thumb Code     2  stm32f10x_it.o(.text)
    TIM2_IRQHandler                          0x08004255   Thumb Code     2  stm32f10x_it.o(.text)
    TIM3_IRQHandler                          0x08004257   Thumb Code     2  stm32f10x_it.o(.text)
    TIM4_IRQHandler                          0x08004259   Thumb Code     2  stm32f10x_it.o(.text)
    I2C1_EV_IRQHandler                       0x0800425b   Thumb Code     2  stm32f10x_it.o(.text)
    I2C1_ER_IRQHandler                       0x0800425d   Thumb Code     2  stm32f10x_it.o(.text)
    I2C2_EV_IRQHandler                       0x0800425f   Thumb Code     2  stm32f10x_it.o(.text)
    I2C2_ER_IRQHandler                       0x08004261   Thumb Code     2  stm32f10x_it.o(.text)
    SPI1_IRQHandler                          0x08004263   Thumb Code     2  stm32f10x_it.o(.text)
    SPI2_IRQHandler                          0x08004265   Thumb Code     2  stm32f10x_it.o(.text)
    USART1_IRQHandler                        0x08004267   Thumb Code    96  stm32f10x_it.o(.text)
    USART2_IRQHandler                        0x080042c7   Thumb Code    96  stm32f10x_it.o(.text)
    USART3_IRQHandler                        0x08004327   Thumb Code    96  stm32f10x_it.o(.text)
    EXTI15_10_IRQHandler                     0x08004387   Thumb Code     2  stm32f10x_it.o(.text)
    RTCAlarm_IRQHandler                      0x08004389   Thumb Code     2  stm32f10x_it.o(.text)
    USBWakeUp_IRQHandler                     0x0800438b   Thumb Code     2  stm32f10x_it.o(.text)
    TIM8_BRK_IRQHandler                      0x0800438d   Thumb Code     2  stm32f10x_it.o(.text)
    TIM8_UP_IRQHandler                       0x0800438f   Thumb Code     2  stm32f10x_it.o(.text)
    TIM8_TRG_COM_IRQHandler                  0x08004391   Thumb Code     2  stm32f10x_it.o(.text)
    TIM8_CC_IRQHandler                       0x08004393   Thumb Code     2  stm32f10x_it.o(.text)
    ADC3_IRQHandler                          0x08004395   Thumb Code     2  stm32f10x_it.o(.text)
    FSMC_IRQHandler                          0x08004397   Thumb Code     2  stm32f10x_it.o(.text)
    SDIO_IRQHandler                          0x08004399   Thumb Code     2  stm32f10x_it.o(.text)
    TIM5_IRQHandler                          0x0800439b   Thumb Code     2  stm32f10x_it.o(.text)
    SPI3_IRQHandler                          0x0800439d   Thumb Code     2  stm32f10x_it.o(.text)
    UART4_IRQHandler                         0x0800439f   Thumb Code    96  stm32f10x_it.o(.text)
    UART5_IRQHandler                         0x080043ff   Thumb Code    96  stm32f10x_it.o(.text)
    TIM6_IRQHandler                          0x0800445f   Thumb Code     2  stm32f10x_it.o(.text)
    TIM7_IRQHandler                          0x08004461   Thumb Code     2  stm32f10x_it.o(.text)
    DMA2_Channel1_IRQHandler                 0x08004463   Thumb Code     2  stm32f10x_it.o(.text)
    DMA2_Channel2_IRQHandler                 0x08004465   Thumb Code     2  stm32f10x_it.o(.text)
    DMA2_Channel3_IRQHandler                 0x08004467   Thumb Code     2  stm32f10x_it.o(.text)
    DMA2_Channel4_5_IRQHandler               0x08004469   Thumb Code     2  stm32f10x_it.o(.text)
    AD_Delay                                 0x08004495   Thumb Code    18  ads1256.o(.text)
    ADS1256_Write_Byte                       0x080044a7   Thumb Code    96  ads1256.o(.text)
    ADS1256_Write_Byte2                      0x08004507   Thumb Code   100  ads1256.o(.text)
    ADS1256_Read_Byte                        0x0800456b   Thumb Code    86  ads1256.o(.text)
    ADS1256_Read_Byte2                       0x080045c1   Thumb Code    88  ads1256.o(.text)
    ADS1256_Read_one_Reg                     0x08004619   Thumb Code    56  ads1256.o(.text)
    ADS1256_Write_Reg                        0x08004651   Thumb Code    50  ads1256.o(.text)
    ADS1256_Write_Reg2                       0x08004683   Thumb Code    52  ads1256.o(.text)
    initads1256                              0x080046b7   Thumb Code   246  ads1256.o(.text)
    read_single_chl                          0x080047ad   Thumb Code   108  ads1256.o(.text)
    read_single_chl2                         0x08004819   Thumb Code   136  ads1256.o(.text)
    read_single_average                      0x080048a1   Thumb Code    52  ads1256.o(.text)
    read_single_average2                     0x080048d5   Thumb Code    52  ads1256.o(.text)
    read_all_chl                             0x08004909   Thumb Code    30  ads1256.o(.text)
    Stim_Delay                               0x08004929   Thumb Code    18  stim_process.o(.text)
    stim_pres_cal                            0x0800493b   Thumb Code    92  stim_process.o(.text)
    stim_amp_gen                             0x08004997   Thumb Code   118  stim_process.o(.text)
    stim_pul_gen                             0x08004a0d   Thumb Code    56  stim_process.o(.text)
    stim_send_init_parameter                 0x08004a45   Thumb Code    80  stim_process.o(.text)
    stim_send_parameter                      0x08004a95   Thumb Code   394  stim_process.o(.text)
    stim_search                              0x08004c1f   Thumb Code    90  stim_process.o(.text)
    stim_start                               0x08004c79   Thumb Code    74  stim_process.o(.text)
    stim_stop                                0x08004cc3   Thumb Code    74  stim_process.o(.text)
    __aeabi_memcpy                           0x08004d49   Thumb Code    36  memcpya.o(.text)
    __aeabi_memcpy4                          0x08004d49   Thumb Code     0  memcpya.o(.text)
    __aeabi_memcpy8                          0x08004d49   Thumb Code     0  memcpya.o(.text)
    __aeabi_memset                           0x08004d6d   Thumb Code    14  memseta.o(.text)
    __aeabi_memset4                          0x08004d6d   Thumb Code     0  memseta.o(.text)
    __aeabi_memset8                          0x08004d6d   Thumb Code     0  memseta.o(.text)
    __aeabi_memclr                           0x08004d7b   Thumb Code     4  memseta.o(.text)
    __aeabi_memclr4                          0x08004d7b   Thumb Code     0  memseta.o(.text)
    __aeabi_memclr8                          0x08004d7b   Thumb Code     0  memseta.o(.text)
    _memset$wrapper                          0x08004d7f   Thumb Code    18  memseta.o(.text)
    __aeabi_fmul                             0x08004d91   Thumb Code   108  fmul.o(.text)
    __aeabi_dadd                             0x08004dfd   Thumb Code   322  dadd.o(.text)
    __aeabi_dsub                             0x08004f3f   Thumb Code     6  dadd.o(.text)
    __aeabi_drsub                            0x08004f45   Thumb Code     6  dadd.o(.text)
    __aeabi_dmul                             0x08004f4b   Thumb Code   228  dmul.o(.text)
    __aeabi_ddiv                             0x0800502f   Thumb Code   222  ddiv.o(.text)
    __aeabi_ui2f                             0x0800510d   Thumb Code    10  ffltui.o(.text)
    __aeabi_f2iz                             0x08005117   Thumb Code    50  ffixi.o(.text)
    __aeabi_d2uiz                            0x08005149   Thumb Code    50  dfixui.o(.text)
    __aeabi_f2d                              0x0800517b   Thumb Code    38  f2d.o(.text)
    __aeabi_d2f                              0x080051a1   Thumb Code    56  d2f.o(.text)
    __aeabi_cfcmpeq                          0x080051d9   Thumb Code     0  cfcmple.o(.text)
    __aeabi_cfcmple                          0x080051d9   Thumb Code    20  cfcmple.o(.text)
    __aeabi_cfrcmple                         0x080051ed   Thumb Code    20  cfrcmple.o(.text)
    __aeabi_llsl                             0x08005201   Thumb Code    30  llshl.o(.text)
    _ll_shift_l                              0x08005201   Thumb Code     0  llshl.o(.text)
    __aeabi_llsr                             0x0800521f   Thumb Code    32  llushr.o(.text)
    _ll_ushift_r                             0x0800521f   Thumb Code     0  llushr.o(.text)
    __aeabi_lasr                             0x0800523f   Thumb Code    36  llsshr.o(.text)
    _ll_sshift_r                             0x0800523f   Thumb Code     0  llsshr.o(.text)
    __I$use$fp                               0x08005263   Thumb Code     0  iusefp.o(.text)
    _float_round                             0x08005263   Thumb Code    18  fepilogue.o(.text)
    _float_epilogue                          0x08005275   Thumb Code    90  fepilogue.o(.text)
    _double_round                            0x080052cf   Thumb Code    26  depilogue.o(.text)
    _double_epilogue                         0x080052e9   Thumb Code   164  depilogue.o(.text)
    __scatterload                            0x0800538d   Thumb Code    28  init.o(.text)
    __scatterload_rt2                        0x0800538d   Thumb Code     0  init.o(.text)
    __decompress                             0x080053b1   Thumb Code     0  __dczerorl2.o(.text)
    __decompress1                            0x080053b1   Thumb Code    92  __dczerorl2.o(.text)
    __scatterload_copy                       0x0800540d   Thumb Code    14  handlers.o(i.__scatterload_copy)
    __scatterload_null                       0x0800541b   Thumb Code     2  handlers.o(i.__scatterload_null)
    __scatterload_zeroinit                   0x0800541d   Thumb Code    14  handlers.o(i.__scatterload_zeroinit)
    ASCII_Table                              0x0800542a   Data        4560  lcd.o(.constdata)
    Region$$Table$$Base                      0x08006624   Number         0  anon$$obj.o(Region$$Table)
    Region$$Table$$Limit                     0x08006644   Number         0  anon$$obj.o(Region$$Table)
    picture_table                            0x20000000   Data        9600  lcd.o(.data)
    txcommand                                0x2000258a   Data           3  app_usart.o(.data)
    txconfig                                 0x2000258e   Data          20  app_usart.o(.data)
    txconfigNull                             0x200025a2   Data           8  app_usart.o(.data)
    rtnValue                                 0x200025b0   Data           2  main.o(.data)
    ret                                      0x200025b4   Data           4  main.o(.data)
    HSEStartUpStatus                         0x200025b8   Data           1  main.o(.data)
    read_val                                 0x200025b9   Data           1  ads1256.o(.data)
    read_val2                                0x200025ba   Data           1  ads1256.o(.data)
    drdy_value                               0x200025bb   Data           1  ads1256.o(.data)
    drdy_value2                              0x200025bc   Data           1  ads1256.o(.data)
    receiveDataFromCom1                      0x200025c0   Data          14  main.o(.bss)
    receiveDataFromCom2                      0x200025ce   Data          14  main.o(.bss)
    receiveDataFromCom3                      0x200025dc   Data          14  main.o(.bss)
    receiveDataFromCom4                      0x200025ea   Data          14  main.o(.bss)
    receiveDataFromCom5                      0x200025f8   Data          14  main.o(.bss)
    __initial_sp                             0x20002a08   Data           0  stm32f10x_vector.o(STACK)



==============================================================================

Memory Map of the image

  Image Entry point : 0x08000131

  Load Region LR_IROM1 (Base: 0x08000000, Size: 0x00008c04, Max: 0x00080000, ABSOLUTE, COMPRESSED[0x000078c0])

    Execution Region ER_IROM1 (Base: 0x08000000, Size: 0x00006644, Max: 0x00080000, ABSOLUTE)

    Base Addr    Size         Type   Attr      Idx    E Section Name        Object

    0x08000000   0x00000130   Data   RO            3    RESET               stm32f10x_vector.o
    0x08000130   0x00000000   Code   RO          331  * .ARM.Collect$$$$00000000  mc_w.l(entry.o)
    0x08000130   0x00000004   Code   RO          362    .ARM.Collect$$$$00000001  mc_w.l(entry2.o)
    0x08000134   0x00000004   Code   RO          365    .ARM.Collect$$$$00000004  mc_w.l(entry5.o)
    0x08000138   0x00000000   Code   RO          367    .ARM.Collect$$$$00000008  mc_w.l(entry7b.o)
    0x08000138   0x00000000   Code   RO          369    .ARM.Collect$$$$0000000A  mc_w.l(entry8b.o)
    0x08000138   0x00000008   Code   RO          370    .ARM.Collect$$$$0000000B  mc_w.l(entry9a.o)
    0x08000140   0x00000000   Code   RO          372    .ARM.Collect$$$$0000000D  mc_w.l(entry10a.o)
    0x08000140   0x00000000   Code   RO          374    .ARM.Collect$$$$0000000F  mc_w.l(entry11a.o)
    0x08000140   0x00000004   Code   RO          363    .ARM.Collect$$$$00002712  mc_w.l(entry2.o)
    0x08000144   0x00000008   Code   RO            4    .text               stm32f10x_vector.o
    0x0800014c   0x00000878   Code   RO           10    .text               lcd.o
    0x080009c4   0x000003e4   Code   RO          100    .text               spi_flash.o
    0x08000da8   0x00000530   Code   RO          136    .text               stm32f10x_flash.o
    0x080012d8   0x0000061c   Code   RO          148    .text               stm32f10x_fsmc.o
    0x080018f4   0x00000328   Code   RO          160    .text               stm32f10x_gpio.o
    0x08001c1c   0x000003e0   Code   RO          181    .text               stm32f10x_nvic.o
    0x08001ffc   0x000003b0   Code   RO          193    .text               stm32f10x_rcc.o
    0x080023ac   0x00000338   Code   RO          208    .text               stm32f10x_spi.o
    0x080026e4   0x000000c2   Code   RO          220    .text               stm32f10x_systick.o
    0x080027a6   0x00000002   PAD
    0x080027a8   0x00000370   Code   RO          232    .text               stm32f10x_usart.o
    0x08002b18   0x0000007a   Code   RO          244    .text               cortexm3_macro.o
    0x08002b92   0x00000002   PAD
    0x08002b94   0x00000eac   Code   RO          247    .text               app_usart.o
    0x08003a40   0x000007bc   Code   RO          263    .text               main.o
    0x080041fc   0x00000298   Code   RO          287    .text               stm32f10x_it.o
    0x08004494   0x00000492   Code   RO          303    .text               ads1256.o
    0x08004926   0x00000002   PAD
    0x08004928   0x00000420   Code   RO          318    .text               stim_process.o
    0x08004d48   0x00000024   Code   RO          334    .text               mc_w.l(memcpya.o)
    0x08004d6c   0x00000024   Code   RO          336    .text               mc_w.l(memseta.o)
    0x08004d90   0x0000006c   Code   RO          340    .text               mf_w.l(fmul.o)
    0x08004dfc   0x0000014e   Code   RO          342    .text               mf_w.l(dadd.o)
    0x08004f4a   0x000000e4   Code   RO          344    .text               mf_w.l(dmul.o)
    0x0800502e   0x000000de   Code   RO          346    .text               mf_w.l(ddiv.o)
    0x0800510c   0x0000000a   Code   RO          348    .text               mf_w.l(ffltui.o)
    0x08005116   0x00000032   Code   RO          350    .text               mf_w.l(ffixi.o)
    0x08005148   0x00000032   Code   RO          352    .text               mf_w.l(dfixui.o)
    0x0800517a   0x00000026   Code   RO          354    .text               mf_w.l(f2d.o)
    0x080051a0   0x00000038   Code   RO          356    .text               mf_w.l(d2f.o)
    0x080051d8   0x00000014   Code   RO          358    .text               mf_w.l(cfcmple.o)
    0x080051ec   0x00000014   Code   RO          360    .text               mf_w.l(cfrcmple.o)
    0x08005200   0x0000001e   Code   RO          376    .text               mc_w.l(llshl.o)
    0x0800521e   0x00000020   Code   RO          378    .text               mc_w.l(llushr.o)
    0x0800523e   0x00000024   Code   RO          380    .text               mc_w.l(llsshr.o)
    0x08005262   0x00000000   Code   RO          382    .text               mc_w.l(iusefp.o)
    0x08005262   0x0000006c   Code   RO          383    .text               mf_w.l(fepilogue.o)
    0x080052ce   0x000000be   Code   RO          385    .text               mf_w.l(depilogue.o)
    0x0800538c   0x00000024   Code   RO          387    .text               mc_w.l(init.o)
    0x080053b0   0x0000005c   Code   RO          397    .text               mc_w.l(__dczerorl2.o)
    0x0800540c   0x0000000e   Code   RO          391    i.__scatterload_copy  mc_w.l(handlers.o)
    0x0800541a   0x00000002   Code   RO          392    i.__scatterload_null  mc_w.l(handlers.o)
    0x0800541c   0x0000000e   Code   RO          393    i.__scatterload_zeroinit  mc_w.l(handlers.o)
    0x0800542a   0x000011d0   Data   RO           11    .constdata          lcd.o
    0x080065fa   0x00000014   Data   RO          194    .constdata          stm32f10x_rcc.o
    0x0800660e   0x00000002   PAD
    0x08006610   0x00000014   Data   RO          265    .constdata          main.o
    0x08006624   0x00000020   Data   RO          389    Region$$Table       anon$$obj.o


    Execution Region RW_IRAM1 (Base: 0x20000000, Size: 0x00002a08, Max: 0x00010000, ABSOLUTE, COMPRESSED[0x0000127c])

    Base Addr    Size         Type   Attr      Idx    E Section Name        Object

    0x20000000   0x00002584   Data   RW           12    .data               lcd.o
    0x20002584   0x00000005   Data   RW          195    .data               stm32f10x_rcc.o
    0x20002589   0x00000001   PAD
    0x2000258a   0x00000020   Data   RW          248    .data               app_usart.o
    0x200025aa   0x00000002   PAD
    0x200025ac   0x0000000d   Data   RW          266    .data               main.o
    0x200025b9   0x00000004   Data   RW          304    .data               ads1256.o
    0x200025bd   0x00000003   PAD
    0x200025c0   0x00000046   Zero   RW          264    .bss                main.o
    0x20002606   0x00000002   PAD
    0x20002608   0x00000400   Zero   RW            1    STACK               stm32f10x_vector.o


==============================================================================

Image component sizes


      Code (inc. data)   RO Data    RW Data    ZI Data      Debug   Object Name

      1170         22          0          4          0       4524   ads1256.o
      3756         72          0         32          0      10583   app_usart.o
       122          0          0          0          0        352   cortexm3_macro.o
      2168         68       4560       9604          0      71889   lcd.o
      1980        316         20         13         70       4397   main.o
       996         12          0          0          0       4068   spi_flash.o
      1056         60          0          0          0       3689   stim_process.o
      1328         34          0          0          0       5794   stm32f10x_flash.o
      1564         54          0          0          0       5255   stm32f10x_fsmc.o
       808         16          0          0          0       5091   stm32f10x_gpio.o
       664         42          0          0          0       7900   stm32f10x_it.o
       992         32          0          0          0       7092   stm32f10x_nvic.o
       944         52         20          5          0       8656   stm32f10x_rcc.o
       824          6          0          0          0       6286   stm32f10x_spi.o
       194          0          0          0          0       1573   stm32f10x_systick.o
       880         12          0          0          0       7615   stm32f10x_usart.o
         8          4        304          0       1024        404   stm32f10x_vector.o

    ----------------------------------------------------------------------
     19460        802       4938       9664       1096     155168   Object Totals
         0          0         32          0          0          0   (incl. Generated)
         6          0          2          6          2          0   (incl. Padding)

    ----------------------------------------------------------------------

      Code (inc. data)   RO Data    RW Data    ZI Data      Debug   Library Member Name

        92          0          0          0          0          0   __dczerorl2.o
         0          0          0          0          0          0   entry.o
         0          0          0          0          0          0   entry10a.o
         0          0          0          0          0          0   entry11a.o
         8          4          0          0          0          0   entry2.o
         4          0          0          0          0          0   entry5.o
         0          0          0          0          0          0   entry7b.o
         0          0          0          0          0          0   entry8b.o
         8          4          0          0          0          0   entry9a.o
        30          0          0          0          0          0   handlers.o
        36          8          0          0          0         68   init.o
         0          0          0          0          0          0   iusefp.o
        30          0          0          0          0         68   llshl.o
        36          0          0          0          0         68   llsshr.o
        32          0          0          0          0         68   llushr.o
        36          0          0          0          0         68   memcpya.o
        36          0          0          0          0        108   memseta.o
        20          0          0          0          0         68   cfcmple.o
        20          0          0          0          0         68   cfrcmple.o
        56          0          0          0          0         88   d2f.o
       334          0          0          0          0        148   dadd.o
       222          0          0          0          0        100   ddiv.o
       190          0          0          0          0        176   depilogue.o
        50          0          0          0          0         76   dfixui.o
       228          0          0          0          0         96   dmul.o
        38          0          0          0          0         68   f2d.o
       108          0          0          0          0        168   fepilogue.o
        50          0          0          0          0         68   ffixi.o
        10          0          0          0          0         68   ffltui.o
       108          0          0          0          0         76   fmul.o

    ----------------------------------------------------------------------
      1782         16          0          0          0       1716   Library Totals
         0          0          0          0          0          0   (incl. Padding)

    ----------------------------------------------------------------------

      Code (inc. data)   RO Data    RW Data    ZI Data      Debug   Library Name

       348         16          0          0          0        448   mc_w.l
      1434          0          0          0          0       1268   mf_w.l

    ----------------------------------------------------------------------
      1782         16          0          0          0       1716   Library Totals

    ----------------------------------------------------------------------

==============================================================================


      Code (inc. data)   RO Data    RW Data    ZI Data      Debug   

     21242        818       4938       9664       1096     154024   Grand Totals
     21242        818       4938       4732       1096     154024   ELF Image Totals (compressed)
     21242        818       4938       4732          0          0   ROM Totals

==============================================================================

    Total RO  Size (Code + RO Data)                26180 (  25.57kB)
    Total RW  Size (RW Data + ZI Data)             10760 (  10.51kB)
    Total ROM Size (Code + RO Data + RW Data)      30912 (  30.19kB)

==============================================================================

